<html>
<body>
<pre>
<h1>µVision Build Log</h1>
<h2>Project:</h2>
E:\abi\day2.uvproj
Project File Date:  07/09/2016

<h2>Output:</h2>
Rebuild target 'Target 1'
assembling Startup.s...
compiling extint.c...
compiling lcddata.c...
linking...
Program Size: Code=1100 RO-data=16 RW-data=0 ZI-data=1256  
FromELF: creating hex file...
".\extint.axf" - 0 Error(s), 0 Warning(s).
</pre>
</body>
</html>
ly defined (by lcd2.o and extint.o).
Not enough information to list image symbols.
Not enough information to list the image map.
Finished: 2 information, 0 warning and 2 error messages.
".\lcd2.axf" - 2 Error(s), 0 Warning(s).
Target not created
" - 3 Error(s), 1 Warning(s).
Target not created
