<html>
<body>
<pre>
<h1>µVision Build Log</h1>
<h2>Project:</h2>
E:\abi\day5.uvproj
Project File Date:  07/12/2016

<h2>Output:</h2>
Rebuild target 'Target 1'
assembling Startup.s...
compiling serial.c...
compiling uart_init.c...
linking...
Program Size: Code=908 RO-data=16 RW-data=0 ZI-data=1256  
FromELF: creating hex file...
".\serial10.axf" - 0 Error(s), 0 Warning(s).
</pre>
</body>
</html>
e=732 RO-data=16 RW-data=0 ZI-data=1256  
FromELF: creating hex file...
".\dacsquare.axf" - 0 Error(s), 1 Warning(s).
.
Target not created
inking...
Program Size: Code=1372 RO-data=32 RW-data=8 ZI-data=1256  
FromELF: creating hex file...
".\timerchaserinterrupt.axf" - 0 Error(s), 2 Warning(s).
or(s), 2 Warning(s).
