<html>
<body>
<pre>
<h1>µVision Build Log</h1>
<h2>Project:</h2>
E:\abi\day2.uvproj
Project File Date:  07/09/2016

<h2>Output:</h2>
Rebuild target 'Target 1'
assembling Startup.s...
compiling timer.c...
linking...
Program Size: Code=844 RO-data=16 RW-data=0 ZI-data=1256  
FromELF: creating hex file...
".\timer.axf" - 0 Error(s), 0 Warning(s).
ta=16 RW-data=0 ZI-data=1256  
FromELF: creating hex file...
".\timer.axf" - 0 Error(s), 1 Warning(s).
rning(s).
c_init.c(10): warning:  #61-D: integer operation result is out of range
  PINSEL1=((PINSEL1 &~(3<<30)) |(1<<30));
adc_init.c: 1 warning, 0 errors
compiling delay.c...
delay.c(9): warning:  #1-D: last line of file ends without a newline
  }
delay.c: 1 warning, 0 errors
compiling lcddata.c...
linking...
Program Size: Code=1588 RO-data=16 RW-data=0 ZI-data=1256  
FromELF: creating hex file...
".\potentiometeradc.axf" - 0 Error(s), 4 Warning(s).
warning, 6 errors
compiling lcddata.c...
lcddata.c(45): error:  #165: too few arguments in function call
        lcd_cmd();
lcddata.c: 0 warnings, 1 error
".\adc.axf" - 7 Error(s), 2 Warning(s).
Target not created
