<html>
<body>
<pre>
<h1>µVision Build Log</h1>
<h2>Project:</h2>
E:\Chetan\lab1.uvproj
Project File Date:  07/08/2016

<h2>Output:</h2>
Build target 'Target 1'
compiling lab1.c...
linking...
Program Size: Code=804 RO-data=16 RW-data=0 ZI-data=1256  
FromELF: creating hex file...
".\lab1_exe.axf" - 0 Error(s), 0 Warning(s).
0 Error(s), 0 Warning(s).
 RW-data=0 ZI-data=1256  
".\lab1.axf" - 0 Error(s), 1 Warning(s).
0=(1<<4);
lab1.c(19): warning:  #1-D: last line of file ends without a newline
  }
lab1.c: 1 warning, 3 errors
".\lab1.axf" - 3 Error(s), 1 Warning(s).
Target not created
compiling lab1.c...
lab1.c(5): error:  #20: identifier "iodir0" is undefined
  iodir0=(1<<4);
lab1.c(8): error:  #20: identifier "ioset0" is undefined
  ioset0=(1<<4);
lab1.c(10): error:  #20: identifier "ioclr0" is undefined
  ioclr0=(1<<4);
lab1.c(19): warning:  #1-D: last line of file ends without a newline
  }
lab1.c: 1 warning, 3 errors
"lab1.c" - 3 Error(s), 1 Warning(s).
compiling lab1.c...
lab1.c(19): warning:  #1-D: last line of file ends without a newline
  }
lab1.c: 1 warning, 0 errors
"lab1.c" - 0 Error(s), 1 Warning(s).
