<html>
<body>
<pre>
<h1>µVision Build Log</h1>
<h2>Project:</h2>
E:\abi\day5.uvproj
Project File Date:  07/13/2016

<h2>Output:</h2>
Rebuild target 'Target 1'
assembling Startup.s...
compiling project.c...
project.c(8): warning:  #177-D: variable "id" was declared but never referenced
        char id[4][6]={"143456","141386","145053","140760"};
project.c(9): warning:  #177-D: variable "pass" was declared but never referenced
        char pass[4][4]={"0000","0001","0002","0003"};
project.c(10): warning:  #177-D: variable "amt" was declared but never referenced
        char amt[4][5]={"45695","45564","78956","26564"};
project.c: 3 warnings, 0 errors
compiling lcddata.c...
compiling delay.c...
compiling serialenterr.c...
compiling extint.c...
extint.c(49): warning:  #177-D: variable "type" was declared but never referenced
        char type[]={"ENTER PASSWORD"};
extint.c(50): warning:  #177-D: variable "asd" was declared but never referenced
        char asd[]={"ENTER AMOUNT"};
extint.c(51): warning:  #177-D: variable "wrongp" was declared but never referenced
        char wrongp[]={"WRONG PASSWORD"};
extint.c(52): warning:  #177-D: variable "wrongi" was declared but never referenced
        char wrongi[]={"WRONG ID"};
extint.c(53): warning:  #177-D: variable "str" was declared but never referenced
        char str[]={"THANK YOU"};
extint.c(54): warning:  #177-D: variable "temp" was declared but never referenced
        char temp[6];
extint.c: 6 warnings, 0 errors
compiling uart_init.c...
linking...
Program Size: Code=2468 RO-data=92 RW-data=0 ZI-data=1256  
FromELF: creating hex file...
".\project.axf" - 0 Error(s), 9 Warning(s).
</pre>
</body>
</html>
OU"};
extint.c(54): warning:  #177-D: variable "temp" was declared but never referenced
        char temp[6];
extint.c: 6 warnings, 0 errors
"extint.c" - 0 Error(s), 6 Warning(s).
