<html>
<body>
<pre>
<h1>µVision Build Log</h1>
<h2>Project:</h2>
E:\abi\day2.uvproj
Project File Date:  07/09/2016

<h2>Output:</h2>
Rebuild target 'Target 1'
assembling Startup.s...
compiling chaser.c...
compiling delay.c...
delay.c(9): warning:  #1-D: last line of file ends without a newline
  }
delay.c: 1 warning, 0 errors
linking...
Program Size: Code=836 RO-data=16 RW-data=0 ZI-data=1256  
FromELF: creating hex file...
".\timerchaser.axf" - 0 Error(s), 1 Warning(s).
ormation, 0 warning and 1 error messages.
".\timerchaser.axf" - 1 Error(s), 1 Warning(s).
Target not created
